// Jest Snapshot v1, https://goo.gl/fbAQLP

exports[`Sender Component loading state 1`] = `
<DocumentFragment>
  <div
    class="ant-sender"
  >
    <div
      class="ant-sender-content"
    >
      <textarea
        class="ant-input ant-input-borderless ant-sender-input"
        style="overflow-y: hidden; resize: none;"
      />
      <div
        class="ant-sender-actions-list"
      >
        <div
          class="ant-sender-actions-list-presets ant-flex"
        >
          <button
            class="ant-btn ant-btn-circle ant-btn-text ant-btn-color-primary ant-btn-variant-text ant-sender-actions-btn ant-sender-actions-btn-loading-button"
            type="button"
          >
            <svg
              class="ant-sender-actions-btn-loading-icon"
              color="currentColor"
              viewBox="0 0 1000 1000"
              xmlns="http://www.w3.org/2000/svg"
            >
              <title>
                Stop Loading
              </title>
              <rect
                fill="currentColor"
                height="250"
                rx="24"
                ry="24"
                width="250"
                x="375"
                y="375"
              />
              <circle
                cx="500"
                cy="500"
                fill="none"
                opacity="0.45"
                r="450"
                stroke="currentColor"
                stroke-width="100"
              />
              <circle
                cx="500"
                cy="500"
                fill="none"
                r="450"
                stroke="currentColor"
                stroke-dasharray="600 9999999"
                stroke-width="100"
              >
                <animatetransform
                  attributeName="transform"
                  dur="1s"
                  from="0 500 500"
                  repeatCount="indefinite"
                  to="360 500 500"
                  type="rotate"
                />
              </circle>
            </svg>
          </button>
        </div>
      </div>
    </div>
  </div>
</DocumentFragment>
`;

exports[`Sender Component rtl render component should be rendered correctly in RTL direction 1`] = `
<div
  class="ant-sender ant-sender-rtl"
>
  <div
    class="ant-sender-content"
  >
    <textarea
      class="ant-input ant-input-borderless ant-sender-input"
      style="overflow-y: hidden; resize: none;"
    />
    <div
      class="ant-sender-actions-list"
    >
      <div
        class="ant-sender-actions-list-presets ant-flex ant-flex-rtl"
      >
        <button
          class="ant-btn ant-btn-circle ant-btn-primary ant-btn-color-primary ant-btn-variant-solid ant-btn-icon-only ant-btn-rtl ant-sender-actions-btn ant-sender-actions-btn-disabled"
          type="button"
        >
          <span
            class="ant-btn-icon"
          >
            <span
              aria-label="arrow-up"
              class="anticon anticon-arrow-up"
              role="img"
            >
              <svg
                aria-hidden="true"
                data-icon="arrow-up"
                fill="currentColor"
                focusable="false"
                height="1em"
                viewBox="64 64 896 896"
                width="1em"
              >
                <path
                  d="M868 545.5L536.1 163a31.96 31.96 0 00-48.3 0L156 545.5a7.97 7.97 0 006 13.2h81c4.6 0 9-2 12.1-5.5L474 300.9V864c0 4.4 3.6 8 8 8h60c4.4 0 8-3.6 8-8V300.9l218.9 252.3c3 3.5 7.4 5.5 12.1 5.5h81c6.8 0 10.5-8 6-13.2z"
                />
              </svg>
            </span>
          </span>
        </button>
      </div>
    </div>
  </div>
</div>
`;
